============================= test session starts ==============================
platform darwin -- Python 3.13.2, pytest-9.0.1, pluggy-1.6.0 -- /Volumes/Samsung-SSD-T7/Workspaces/Github/qredence/agent-framework/v0.5/AgenticFleet/.venv/bin/python
cachedir: .pytest_cache
rootdir: /Volumes/Samsung-SSD-T7/Workspaces/Github/qredence/agent-framework/v0.5/AgenticFleet
configfile: pyproject.toml
plugins: anyio-4.11.0, locust-2.42.5, asyncio-1.3.0, cov-7.0.0
asyncio: mode=Mode.STRICT, debug=False, asyncio_default_fixture_loop_scope=None, asyncio_default_test_loop_scope=function
collecting ... collected 0 items / 1 error

==================================== ERRORS ====================================
________________ ERROR collecting tests/api/test_workflow_di.py ________________
ImportError while importing test module '/Volumes/Samsung-SSD-T7/Workspaces/Github/qredence/agent-framework/v0.5/AgenticFleet/tests/api/test_workflow_di.py'.
Hint: make sure your test modules/packages have valid Python names.
Traceback:
.venv/lib/python3.13/site-packages/_pytest/python.py:507: in importtestmodule
    mod = import_path(
.venv/lib/python3.13/site-packages/_pytest/pathlib.py:587: in import_path
    importlib.import_module(module_name)
/Users/zocho/.local/share/uv/python/cpython-3.13.2-macos-aarch64-none/lib/python3.13/importlib/__init__.py:88: in import_module
    return _bootstrap._gcd_import(name[level:], package, level)
           ^^^^^^^^^^^^^^^^^^^^^^^^^^^^^^^^^^^^^^^^^^^^^^^^^^^^
<frozen importlib._bootstrap>:1387: in _gcd_import
    ???
<frozen importlib._bootstrap>:1360: in _find_and_load
    ???
<frozen importlib._bootstrap>:1331: in _find_and_load_unlocked
    ???
<frozen importlib._bootstrap>:935: in _load_unlocked
    ???
.venv/lib/python3.13/site-packages/_pytest/assertion/rewrite.py:197: in exec_module
    exec(co, module.__dict__)
tests/api/test_workflow_di.py:5: in <module>
    from agentic_fleet.api.main import app
src/agentic_fleet/api/main.py:18: in <module>
    from agentic_fleet.api.routes import health, history, logs, workflow
src/agentic_fleet/api/routes/__init__.py:5: in <module>
    from . import health, history, logs, workflow
src/agentic_fleet/api/routes/workflow.py:12: in <module>
    from agentic_fleet.workflows.supervisor import create_supervisor_workflow, SupervisorWorkflow
src/agentic_fleet/workflows/supervisor.py:12: in <module>
    from agent_framework import (
E   ImportError: cannot import name 'ExecutorCompletedEvent' from 'agent_framework' (unknown location)
=============================== warnings summary ===============================
.venv/lib/python3.13/site-packages/pythonjsonlogger/jsonlogger.py:11
  /Volumes/Samsung-SSD-T7/Workspaces/Github/qredence/agent-framework/v0.5/AgenticFleet/.venv/lib/python3.13/site-packages/pythonjsonlogger/jsonlogger.py:11: DeprecationWarning: pythonjsonlogger.jsonlogger has been moved to pythonjsonlogger.json
    warnings.warn(

-- Docs: https://docs.pytest.org/en/stable/how-to/capture-warnings.html
=========================== short test summary info ============================
ERROR tests/api/test_workflow_di.py
!!!!!!!!!!!!!!!!!!!! Interrupted: 1 error during collection !!!!!!!!!!!!!!!!!!!!
========================= 1 warning, 1 error in 0.64s ==========================
